127.0.0.1 - - [23/Apr/2018:16:18:22 +0900] "GET / HTTP/1.1" 200 2800
0:0:0:0:0:0:0:1 - - [23/Apr/2018:16:18:23 +0900] "GET /lecture1/form2/register2_success.jsp HTTP/1.1" 500 3585
127.0.0.1 - - [23/Apr/2018:16:18:48 +0900] "GET / HTTP/1.1" 200 2800
0:0:0:0:0:0:0:1 - - [23/Apr/2018:16:18:49 +0900] "GET /lecture1/form2/register2.jsp HTTP/1.1" 200 1871
0:0:0:0:0:0:0:1 - - [23/Apr/2018:16:19:13 +0900] "POST /lecture1/form2/register2.jsp HTTP/1.1" 302 -
0:0:0:0:0:0:0:1 - - [23/Apr/2018:16:19:13 +0900] "GET /lecture1/form2/register_success.jsp HTTP/1.1" 404 1134
0:0:0:0:0:0:0:1 - - [23/Apr/2018:16:19:26 +0900] "GET /lecture1/form2/register2_success.jsp HTTP/1.1" 200 1017
0:0:0:0:0:0:0:1 - - [23/Apr/2018:16:19:41 +0900] "POST /lecture1/form2/register2.jsp HTTP/1.1" 302 -
0:0:0:0:0:0:0:1 - - [23/Apr/2018:16:19:41 +0900] "GET /lecture1/form2/register_success.jsp HTTP/1.1" 404 1134
0:0:0:0:0:0:0:1 - - [23/Apr/2018:16:20:10 +0900] "GET /lecture1/form2/register2.jsp HTTP/1.1" 200 1871
0:0:0:0:0:0:0:1 - - [23/Apr/2018:16:20:31 +0900] "POST /lecture1/form2/register2.jsp HTTP/1.1" 302 -
0:0:0:0:0:0:0:1 - - [23/Apr/2018:16:20:31 +0900] "GET /lecture1/form2/register2_success.jsp HTTP/1.1" 200 1017
127.0.0.1 - - [23/Apr/2018:17:14:02 +0900] "GET / HTTP/1.1" 200 2800
0:0:0:0:0:0:0:1 - - [23/Apr/2018:17:14:03 +0900] "GET /lecture1/form2/login_success.jsp HTTP/1.1" 500 2785
0:0:0:0:0:0:0:1 - - [23/Apr/2018:17:14:10 +0900] "GET /lecture1/form2/login3.jsp HTTP/1.1" 200 1394
0:0:0:0:0:0:0:1 - - [23/Apr/2018:17:14:14 +0900] "POST /lecture1/form2/login3.jsp HTTP/1.1" 200 1500
0:0:0:0:0:0:0:1 - - [23/Apr/2018:17:14:18 +0900] "POST /lecture1/form2/login3.jsp HTTP/1.1" 200 1501
0:0:0:0:0:0:0:1 - - [23/Apr/2018:17:14:23 +0900] "POST /lecture1/form2/login3.jsp HTTP/1.1" 200 1492
0:0:0:0:0:0:0:1 - - [23/Apr/2018:17:17:01 +0900] "POST /lecture1/form2/login3.jsp HTTP/1.1" 200 1492
0:0:0:0:0:0:0:1 - - [23/Apr/2018:17:17:53 +0900] "POST /lecture1/form2/login3.jsp HTTP/1.1" 200 1501
0:0:0:0:0:0:0:1 - - [23/Apr/2018:17:19:08 +0900] "POST /lecture1/form2/login3.jsp HTTP/1.1" 302 -
0:0:0:0:0:0:0:1 - - [23/Apr/2018:17:19:08 +0900] "GET /lecture1/form2/login_success.jsp HTTP/1.1" 200 894
127.0.0.1 - - [23/Apr/2018:17:20:36 +0900] "GET / HTTP/1.1" 200 2800
0:0:0:0:0:0:0:1 - - [23/Apr/2018:17:20:37 +0900] "GET /lecture1/form2/register1.jsp HTTP/1.1" 200 1865
0:0:0:0:0:0:0:1 - - [23/Apr/2018:17:20:58 +0900] "POST /lecture1/form2/register1.jsp HTTP/1.1" 200 1900
127.0.0.1 - - [23/Apr/2018:18:58:43 +0900] "GET / HTTP/1.1" 200 2800
0:0:0:0:0:0:0:1 - - [23/Apr/2018:18:58:44 +0900] "GET /M201432014/exam/product1.jsp HTTP/1.1" 500 5373
127.0.0.1 - - [23/Apr/2018:19:04:19 +0900] "GET / HTTP/1.1" 200 2800
0:0:0:0:0:0:0:1 - - [23/Apr/2018:19:04:19 +0900] "GET /M201432014/exam/test1.jsp HTTP/1.1" 500 4509
127.0.0.1 - - [23/Apr/2018:19:07:41 +0900] "GET / HTTP/1.1" 200 2800
0:0:0:0:0:0:0:1 - - [23/Apr/2018:19:07:41 +0900] "GET /M201432014/exam/product1.jsp HTTP/1.1" 500 5477
0:0:0:0:0:0:0:1 - - [23/Apr/2018:19:10:45 +0900] "GET /M201432014/exam/product1.jsp HTTP/1.1" 500 5477
0:0:0:0:0:0:0:1 - - [23/Apr/2018:19:11:54 +0900] "GET /M201432014/exam/test1.jsp HTTP/1.1" 500 4965
127.0.0.1 - - [23/Apr/2018:19:13:00 +0900] "GET / HTTP/1.1" 200 2800
0:0:0:0:0:0:0:1 - - [23/Apr/2018:19:13:00 +0900] "GET /M201432014/exam/test1.jsp HTTP/1.1" 500 3578
127.0.0.1 - - [23/Apr/2018:19:13:54 +0900] "GET / HTTP/1.1" 200 2800
0:0:0:0:0:0:0:1 - - [23/Apr/2018:19:13:55 +0900] "GET /M201432014/exam/test1.jsp HTTP/1.1" 500 4965
0:0:0:0:0:0:0:1 - - [23/Apr/2018:19:14:20 +0900] "GET /M201432014/exam/test1.jsp HTTP/1.1" 500 4965
0:0:0:0:0:0:0:1 - - [23/Apr/2018:19:15:06 +0900] "GET /M201432014/exam/test1.jsp HTTP/1.1" 500 4965
127.0.0.1 - - [23/Apr/2018:19:15:28 +0900] "GET / HTTP/1.1" 200 2800
0:0:0:0:0:0:0:1 - - [23/Apr/2018:19:15:29 +0900] "GET /M201432014/exam/test1.jsp HTTP/1.1" 200 7106
127.0.0.1 - - [23/Apr/2018:19:16:15 +0900] "GET / HTTP/1.1" 200 2800
0:0:0:0:0:0:0:1 - - [23/Apr/2018:19:16:15 +0900] "GET /M201432014/exam/product1.jsp HTTP/1.1" 500 5477
0:0:0:0:0:0:0:1 - - [23/Apr/2018:19:18:16 +0900] "GET /M201432014/exam/product1.jsp HTTP/1.1" 500 5477
0:0:0:0:0:0:0:1 - - [23/Apr/2018:19:19:58 +0900] "GET /M201432014/WEB-INF/classes/M201432014/jdbc1/ProductDAO1.java HTTP/1.1" 404 1076
127.0.0.1 - - [23/Apr/2018:19:20:19 +0900] "GET / HTTP/1.1" 200 2800
0:0:0:0:0:0:0:1 - - [23/Apr/2018:19:20:20 +0900] "GET /M201432014/exam/product1.jsp HTTP/1.1" 500 5477
127.0.0.1 - - [23/Apr/2018:19:22:39 +0900] "GET / HTTP/1.1" 200 2800
0:0:0:0:0:0:0:1 - - [23/Apr/2018:19:22:39 +0900] "GET /M201432014/exam/product1.jsp HTTP/1.1" 500 5477
127.0.0.1 - - [23/Apr/2018:19:24:53 +0900] "GET / HTTP/1.1" 200 2800
0:0:0:0:0:0:0:1 - - [23/Apr/2018:19:24:53 +0900] "GET /M201432014/WEB-INF/classes/M201432014/jdbc1/ProductDAO1.java HTTP/1.1" 404 1076
0:0:0:0:0:0:0:1 - - [23/Apr/2018:19:25:03 +0900] "GET /M201432014/exam/product1.jsp HTTP/1.1" 500 4641
0:0:0:0:0:0:0:1 - - [23/Apr/2018:19:25:41 +0900] "GET /M201432014/WEB-INF/classes/M201432014/jdbc1/ProductDAO1.java HTTP/1.1" 404 1076
127.0.0.1 - - [23/Apr/2018:19:25:59 +0900] "GET / HTTP/1.1" 200 2800
0:0:0:0:0:0:0:1 - - [23/Apr/2018:19:25:59 +0900] "GET /M201432014/exam/product1.jsp HTTP/1.1" 500 5477
0:0:0:0:0:0:0:1 - - [23/Apr/2018:19:28:06 +0900] "GET /M201432014/exam/product1.jsp HTTP/1.1" 500 5477
0:0:0:0:0:0:0:1 - - [23/Apr/2018:19:28:31 +0900] "GET /M201432014/WEB-INF/classes/M201432014/jdbc1/ProductDAO1.java HTTP/1.1" 404 1076
127.0.0.1 - - [23/Apr/2018:19:28:47 +0900] "GET / HTTP/1.1" 200 2800
0:0:0:0:0:0:0:1 - - [23/Apr/2018:19:28:47 +0900] "GET /M201432014/exam/product1.jsp HTTP/1.1" 500 2774
0:0:0:0:0:0:0:1 - - [23/Apr/2018:19:29:28 +0900] "GET /M201432014/exam/product1.jsp HTTP/1.1" 500 2774
0:0:0:0:0:0:0:1 - - [23/Apr/2018:19:29:33 +0900] "GET /M201432014/exam/product1.jsp HTTP/1.1" 500 2774
127.0.0.1 - - [23/Apr/2018:19:29:52 +0900] "GET / HTTP/1.1" 200 2800
0:0:0:0:0:0:0:1 - - [23/Apr/2018:19:29:52 +0900] "GET /M201432014/exam/product1.jsp HTTP/1.1" 200 7106
127.0.0.1 - - [23/Apr/2018:19:31:19 +0900] "GET / HTTP/1.1" 200 2800
0:0:0:0:0:0:0:1 - - [23/Apr/2018:19:31:19 +0900] "GET /M201432014/exam/product1.jsp HTTP/1.1" 200 7106
127.0.0.1 - - [23/Apr/2018:19:31:39 +0900] "GET / HTTP/1.1" 200 2800
0:0:0:0:0:0:0:1 - - [23/Apr/2018:19:31:40 +0900] "GET /M201432014/exam/product1.jsp HTTP/1.1" 500 5373
127.0.0.1 - - [23/Apr/2018:19:32:56 +0900] "GET / HTTP/1.1" 200 2800
0:0:0:0:0:0:0:1 - - [23/Apr/2018:19:32:56 +0900] "GET /M201432014/exam/product1.jsp HTTP/1.1" 500 5477
127.0.0.1 - - [23/Apr/2018:19:34:12 +0900] "GET / HTTP/1.1" 200 2800
0:0:0:0:0:0:0:1 - - [23/Apr/2018:19:34:13 +0900] "GET /M201432014/exam/product1.jsp HTTP/1.1" 500 5373
127.0.0.1 - - [23/Apr/2018:19:38:15 +0900] "GET / HTTP/1.1" 200 2800
0:0:0:0:0:0:0:1 - - [23/Apr/2018:19:38:16 +0900] "GET /M201432014/WEB-INF/classes/M201432014/jdbc1/ProductDAO1.java HTTP/1.1" 404 1076
127.0.0.1 - - [23/Apr/2018:19:38:39 +0900] "GET / HTTP/1.1" 200 2800
0:0:0:0:0:0:0:1 - - [23/Apr/2018:19:38:39 +0900] "GET /M201432014/exam/product1.jsp HTTP/1.1" 500 4335
127.0.0.1 - - [23/Apr/2018:19:39:05 +0900] "GET / HTTP/1.1" 200 2800
0:0:0:0:0:0:0:1 - - [23/Apr/2018:19:39:05 +0900] "GET /M201432014/WEB-INF/classes/M201432014/jdbc1/ProductDAO1.java HTTP/1.1" 404 1076
127.0.0.1 - - [23/Apr/2018:19:39:21 +0900] "GET / HTTP/1.1" 200 2800
0:0:0:0:0:0:0:1 - - [23/Apr/2018:19:39:21 +0900] "GET /M201432014/exam/product1.jsp HTTP/1.1" 500 4997
127.0.0.1 - - [23/Apr/2018:19:39:52 +0900] "GET / HTTP/1.1" 200 2800
0:0:0:0:0:0:0:1 - - [23/Apr/2018:19:39:52 +0900] "GET /M201432014/exam/product1.jsp HTTP/1.1" 500 4997
127.0.0.1 - - [23/Apr/2018:19:40:13 +0900] "GET / HTTP/1.1" 200 2800
0:0:0:0:0:0:0:1 - - [23/Apr/2018:19:40:13 +0900] "GET /M201432014/exam/product1.jsp HTTP/1.1" 200 7382
0:0:0:0:0:0:0:1 - - [23/Apr/2018:19:40:24 +0900] "GET /M201432014/exam/product1.jsp?srchText=%EC%BD%9C HTTP/1.1" 200 1439
0:0:0:0:0:0:0:1 - - [23/Apr/2018:19:40:26 +0900] "GET /M201432014/exam/product1.jsp?srchText=%ED%99%98 HTTP/1.1" 200 1438
0:0:0:0:0:0:0:1 - - [23/Apr/2018:19:40:30 +0900] "GET /M201432014/exam/product1.jsp?srchText= HTTP/1.1" 200 7382
0:0:0:0:0:0:0:1 - - [23/Apr/2018:19:40:32 +0900] "GET /M201432014/exam/product1.jsp?srchText=%EB%B2%A0%EC%A7%80 HTTP/1.1" 200 1443
0:0:0:0:0:0:0:1 - - [23/Apr/2018:19:40:35 +0900] "GET /M201432014/exam/product1.jsp?srchText= HTTP/1.1" 200 7382
127.0.0.1 - - [23/Apr/2018:19:47:10 +0900] "GET / HTTP/1.1" 200 2800
0:0:0:0:0:0:0:1 - - [23/Apr/2018:19:47:11 +0900] "GET /M201432014/exam/product2.jsp HTTP/1.1" 200 2969
127.0.0.1 - - [23/Apr/2018:19:50:18 +0900] "GET / HTTP/1.1" 200 2800
0:0:0:0:0:0:0:1 - - [23/Apr/2018:19:50:19 +0900] "GET /M201432014/exam/product2.jsp HTTP/1.1" 500 2561
127.0.0.1 - - [23/Apr/2018:19:51:17 +0900] "GET / HTTP/1.1" 200 2800
0:0:0:0:0:0:0:1 - - [23/Apr/2018:19:51:18 +0900] "GET /M201432014/exam/product2.jsp HTTP/1.1" 500 2561
127.0.0.1 - - [23/Apr/2018:19:51:42 +0900] "GET / HTTP/1.1" 200 2800
0:0:0:0:0:0:0:1 - - [23/Apr/2018:19:51:43 +0900] "GET /M201432014/exam/product2.jsp HTTP/1.1" 200 3395
0:0:0:0:0:0:0:1 - - [23/Apr/2018:19:51:47 +0900] "GET /M201432014/exam/product2.jsp?pg=2 HTTP/1.1" 200 3379
0:0:0:0:0:0:0:1 - - [23/Apr/2018:19:51:49 +0900] "GET /M201432014/exam/product2.jsp?pg=3 HTTP/1.1" 200 3397
0:0:0:0:0:0:0:1 - - [23/Apr/2018:19:51:51 +0900] "GET /M201432014/exam/product2.jsp?pg=4 HTTP/1.1" 200 1602
0:0:0:0:0:0:0:1 - - [23/Apr/2018:19:51:52 +0900] "GET /M201432014/exam/product2.jsp?pg=3 HTTP/1.1" 200 3397
0:0:0:0:0:0:0:1 - - [23/Apr/2018:19:51:53 +0900] "GET /M201432014/exam/product2.jsp?pg=2 HTTP/1.1" 200 3379
0:0:0:0:0:0:0:1 - - [23/Apr/2018:19:51:56 +0900] "GET /M201432014/exam/product2.jsp?pg=1 HTTP/1.1" 200 3395
0:0:0:0:0:0:0:1 - - [23/Apr/2018:19:52:10 +0900] "GET /M201432014/exam/product2.jsp?pg=2 HTTP/1.1" 200 3379
0:0:0:0:0:0:0:1 - - [23/Apr/2018:19:52:13 +0900] "GET /M201432014/exam/product2.jsp?pg=1 HTTP/1.1" 200 3395
127.0.0.1 - - [23/Apr/2018:20:05:49 +0900] "GET / HTTP/1.1" 200 2800
0:0:0:0:0:0:0:1 - - [23/Apr/2018:20:05:50 +0900] "GET /M201432014/exam/product3.jsp HTTP/1.1" 200 7470
127.0.0.1 - - [23/Apr/2018:20:06:34 +0900] "GET / HTTP/1.1" 200 2800
0:0:0:0:0:0:0:1 - - [23/Apr/2018:20:06:34 +0900] "GET /M201432014/exam/product3.jsp HTTP/1.1" 200 7470
0:0:0:0:0:0:0:1 - - [23/Apr/2018:20:09:23 +0900] "GET /M201432014/exam/product3.jsp HTTP/1.1" 200 7476
127.0.0.1 - - [23/Apr/2018:20:09:39 +0900] "GET / HTTP/1.1" 200 2800
0:0:0:0:0:0:0:1 - - [23/Apr/2018:20:09:40 +0900] "GET /M201432014/exam/product3.jsp HTTP/1.1" 200 7506
0:0:0:0:0:0:0:1 - - [23/Apr/2018:20:10:07 +0900] "GET /M201432014/exam/product3.jsp HTTP/1.1" 200 7506
127.0.0.1 - - [23/Apr/2018:20:10:21 +0900] "GET / HTTP/1.1" 200 2800
0:0:0:0:0:0:0:1 - - [23/Apr/2018:20:10:22 +0900] "GET /M201432014/exam/product3.jsp HTTP/1.1" 200 7517
0:0:0:0:0:0:0:1 - - [23/Apr/2018:20:11:54 +0900] "GET /M201432014/exam/product3.jsp HTTP/1.1" 200 7517
127.0.0.1 - - [23/Apr/2018:20:12:09 +0900] "GET / HTTP/1.1" 200 2800
0:0:0:0:0:0:0:1 - - [23/Apr/2018:20:12:10 +0900] "GET /M201432014/exam/product3.jsp HTTP/1.1" 200 7517
0:0:0:0:0:0:0:1 - - [23/Apr/2018:20:12:11 +0900] "GET /M201432014/exam/product3.jsp?departmentId=0 HTTP/1.1" 200 7517
0:0:0:0:0:0:0:1 - - [23/Apr/2018:20:12:12 +0900] "GET /M201432014/exam/product3.jsp?departmentId=0 HTTP/1.1" 200 7517
0:0:0:0:0:0:0:1 - - [23/Apr/2018:20:12:13 +0900] "GET /M201432014/exam/product3.jsp?departmentId=0 HTTP/1.1" 200 7517
0:0:0:0:0:0:0:1 - - [23/Apr/2018:20:12:19 +0900] "GET /M201432014/exam/product3.jsp?departmentId=1 HTTP/1.1" 200 7517
0:0:0:0:0:0:0:1 - - [23/Apr/2018:20:12:20 +0900] "GET /M201432014/exam/product3.jsp?departmentId=0 HTTP/1.1" 200 7517
0:0:0:0:0:0:0:1 - - [23/Apr/2018:20:12:22 +0900] "GET /M201432014/exam/product3.jsp?departmentId=1 HTTP/1.1" 200 7517
0:0:0:0:0:0:0:1 - - [23/Apr/2018:20:12:23 +0900] "GET /M201432014/exam/product3.jsp?departmentId=0 HTTP/1.1" 200 7517
0:0:0:0:0:0:0:1 - - [23/Apr/2018:20:12:23 +0900] "GET /M201432014/exam/product3.jsp?departmentId=0 HTTP/1.1" 200 7517
0:0:0:0:0:0:0:1 - - [23/Apr/2018:20:12:25 +0900] "GET /M201432014/exam/product3.jsp?departmentId=1 HTTP/1.1" 200 7517
127.0.0.1 - - [23/Apr/2018:20:14:23 +0900] "GET / HTTP/1.1" 200 2800
0:0:0:0:0:0:0:1 - - [23/Apr/2018:20:14:24 +0900] "GET /M201432014/exam/product3.jsp HTTP/1.1" 200 7517
0:0:0:0:0:0:0:1 - - [23/Apr/2018:20:14:27 +0900] "GET /M201432014/exam/product3.jsp?departmentId=1 HTTP/1.1" 200 7517
0:0:0:0:0:0:0:1 - - [23/Apr/2018:20:14:30 +0900] "GET /M201432014/exam/product3.jsp?departmentId=1 HTTP/1.1" 200 7517
0:0:0:0:0:0:0:1 - - [23/Apr/2018:20:14:32 +0900] "GET /M201432014/exam/product3.jsp?departmentId=1 HTTP/1.1" 200 7517
127.0.0.1 - - [23/Apr/2018:20:15:07 +0900] "GET / HTTP/1.1" 200 2800
0:0:0:0:0:0:0:1 - - [23/Apr/2018:20:15:08 +0900] "GET /M201432014/exam/product3.jsp HTTP/1.1" 200 7515
0:0:0:0:0:0:0:1 - - [23/Apr/2018:20:15:10 +0900] "GET /M201432014/exam/product3.jsp?categoryId=1 HTTP/1.1" 200 2573
0:0:0:0:0:0:0:1 - - [23/Apr/2018:20:15:12 +0900] "GET /M201432014/exam/product3.jsp?categoryId=2 HTTP/1.1" 200 2744
0:0:0:0:0:0:0:1 - - [23/Apr/2018:20:15:14 +0900] "GET /M201432014/exam/product3.jsp?categoryId=3 HTTP/1.1" 200 4938
0:0:0:0:0:0:0:1 - - [23/Apr/2018:20:15:17 +0900] "GET /M201432014/exam/product3.jsp?categoryId=0 HTTP/1.1" 200 7515
127.0.0.1 - - [23/Apr/2018:20:22:36 +0900] "GET / HTTP/1.1" 200 2800
0:0:0:0:0:0:0:1 - - [23/Apr/2018:20:22:37 +0900] "GET /M201432014/exam/product4.jsp HTTP/1.1" 200 5207
0:0:0:0:0:0:0:1 - - [23/Apr/2018:20:22:54 +0900] "GET /M201432014/exam/product4.jsp HTTP/1.1" 200 5207
127.0.0.1 - - [23/Apr/2018:20:25:21 +0900] "GET / HTTP/1.1" 200 2800
0:0:0:0:0:0:0:1 - - [23/Apr/2018:20:25:22 +0900] "GET /M201432014/exam/product4.jsp HTTP/1.1" 200 5215
0:0:0:0:0:0:0:1 - - [23/Apr/2018:20:25:26 +0900] "GET /M201432014/exam/product4.jsp?categoryId=1 HTTP/1.1" 200 2148
0:0:0:0:0:0:0:1 - - [23/Apr/2018:20:25:28 +0900] "GET /M201432014/exam/product4.jsp?categoryId=2 HTTP/1.1" 200 2244
0:0:0:0:0:0:0:1 - - [23/Apr/2018:20:25:30 +0900] "GET /M201432014/exam/product4.jsp?categoryId=3 HTTP/1.1" 200 3613
0:0:0:0:0:0:0:1 - - [23/Apr/2018:20:25:41 +0900] "GET /M201432014/exam/product4.jsp?categoryId=0 HTTP/1.1" 200 5215
127.0.0.1 - - [23/Apr/2018:20:26:01 +0900] "GET / HTTP/1.1" 200 2800
0:0:0:0:0:0:0:1 - - [23/Apr/2018:20:26:01 +0900] "GET /M201432014/exam/product4.jsp HTTP/1.1" 200 5215
127.0.0.1 - - [23/Apr/2018:20:27:43 +0900] "GET / HTTP/1.1" 200 2800
0:0:0:0:0:0:0:1 - - [23/Apr/2018:20:27:44 +0900] "GET /M201432014/exam/product4.jsp HTTP/1.1" 200 5215
127.0.0.1 - - [23/Apr/2018:20:29:50 +0900] "GET / HTTP/1.1" 200 2800
0:0:0:0:0:0:0:1 - - [23/Apr/2018:20:29:51 +0900] "GET /M201432014/exam/product4.jsp HTTP/1.1" 500 2740
127.0.0.1 - - [23/Apr/2018:20:31:07 +0900] "GET / HTTP/1.1" 200 2800
0:0:0:0:0:0:0:1 - - [23/Apr/2018:20:31:07 +0900] "GET /M201432014/exam/product4.jsp HTTP/1.1" 200 1387
0:0:0:0:0:0:0:1 - - [23/Apr/2018:20:31:12 +0900] "GET /M201432014/exam/product4.jsp?categoryId=0 HTTP/1.1" 200 5224
127.0.0.1 - - [23/Apr/2018:20:34:17 +0900] "GET / HTTP/1.1" 200 2800
0:0:0:0:0:0:0:1 - - [23/Apr/2018:20:34:18 +0900] "GET /M201432014/WEB-INF/classes/M201432014/jdbc1/Product.java HTTP/1.1" 404 1076
127.0.0.1 - - [23/Apr/2018:20:34:38 +0900] "GET / HTTP/1.1" 200 2800
0:0:0:0:0:0:0:1 - - [23/Apr/2018:20:34:38 +0900] "GET /M201432014/exam/product1.jsp HTTP/1.1" 200 7382
0:0:0:0:0:0:0:1 - - [23/Apr/2018:20:34:44 +0900] "GET /M201432014/exam/product1.jsp?srchText=%ED%99%98 HTTP/1.1" 200 1438
0:0:0:0:0:0:0:1 - - [23/Apr/2018:20:34:47 +0900] "GET /M201432014/exam/product1.jsp?srchText=%EB%B0%94%EB%82%98%EB%82%98 HTTP/1.1" 200 1453
127.0.0.1 - - [23/Apr/2018:20:35:04 +0900] "GET / HTTP/1.1" 200 2800
0:0:0:0:0:0:0:1 - - [23/Apr/2018:20:35:04 +0900] "GET /M201432014/exam/product2.jsp HTTP/1.1" 200 3395
0:0:0:0:0:0:0:1 - - [23/Apr/2018:20:35:06 +0900] "GET /M201432014/exam/product2.jsp?pg=2 HTTP/1.1" 200 3379
0:0:0:0:0:0:0:1 - - [23/Apr/2018:20:35:07 +0900] "GET /M201432014/exam/product2.jsp?pg=3 HTTP/1.1" 200 3397
0:0:0:0:0:0:0:1 - - [23/Apr/2018:20:35:08 +0900] "GET /M201432014/exam/product2.jsp?pg=4 HTTP/1.1" 200 1602
0:0:0:0:0:0:0:1 - - [23/Apr/2018:20:35:09 +0900] "GET /M201432014/exam/product2.jsp?pg=1 HTTP/1.1" 200 3395
127.0.0.1 - - [23/Apr/2018:20:35:28 +0900] "GET / HTTP/1.1" 200 2800
0:0:0:0:0:0:0:1 - - [23/Apr/2018:20:35:28 +0900] "GET /M201432014/exam/product3.jsp HTTP/1.1" 200 7515
0:0:0:0:0:0:0:1 - - [23/Apr/2018:20:35:34 +0900] "GET /M201432014/exam/product3.jsp?categoryId=0 HTTP/1.1" 200 7515
0:0:0:0:0:0:0:1 - - [23/Apr/2018:20:35:35 +0900] "GET /M201432014/exam/product3.jsp?categoryId=1 HTTP/1.1" 200 2573
0:0:0:0:0:0:0:1 - - [23/Apr/2018:20:35:37 +0900] "GET /M201432014/exam/product3.jsp?categoryId=3 HTTP/1.1" 200 4938
0:0:0:0:0:0:0:1 - - [23/Apr/2018:20:35:39 +0900] "GET /M201432014/exam/product3.jsp?categoryId=0 HTTP/1.1" 200 7515
127.0.0.1 - - [23/Apr/2018:20:35:55 +0900] "GET / HTTP/1.1" 200 2800
0:0:0:0:0:0:0:1 - - [23/Apr/2018:20:35:56 +0900] "GET /M201432014/exam/product4.jsp HTTP/1.1" 200 1387
0:0:0:0:0:0:0:1 - - [23/Apr/2018:20:35:59 +0900] "GET /M201432014/exam/product4.jsp?categoryId=0 HTTP/1.1" 200 5224
0:0:0:0:0:0:0:1 - - [23/Apr/2018:20:36:03 +0900] "GET /M201432014/exam/product4.jsp?categoryId=1 HTTP/1.1" 200 2157
0:0:0:0:0:0:0:1 - - [23/Apr/2018:20:36:04 +0900] "GET /M201432014/exam/product4.jsp?categoryId=2 HTTP/1.1" 200 2253
0:0:0:0:0:0:0:1 - - [23/Apr/2018:20:36:06 +0900] "GET /M201432014/exam/product4.jsp?categoryId=3 HTTP/1.1" 200 3622
127.0.0.1 - - [23/Apr/2018:20:36:32 +0900] "GET / HTTP/1.1" 200 2800
0:0:0:0:0:0:0:1 - - [23/Apr/2018:20:36:33 +0900] "GET /M201432014/exam/product4.jsp HTTP/1.1" 200 1387
0:0:0:0:0:0:0:1 - - [23/Apr/2018:20:36:36 +0900] "GET /M201432014/exam/product4.jsp?categoryId=3 HTTP/1.1" 200 3622
0:0:0:0:0:0:0:1 - - [23/Apr/2018:20:36:39 +0900] "GET /M201432014/exam/product4.jsp?categoryId=2 HTTP/1.1" 200 2253
0:0:0:0:0:0:0:1 - - [23/Apr/2018:20:36:41 +0900] "GET /M201432014/exam/product4.jsp?categoryId=0 HTTP/1.1" 200 5224
